// Jest Snapshot v1, https://goo.gl/fbAQLP

exports[`<PaymentConfirmCard/> should render with initial state 1`] = `
<div
  className="css-1mi3tt8"
>
  <label
    className="css-8qu6k5"
    htmlFor="StripeElement"
  >
    enter your card details to finish payment
  </label>
  <div
    className="css-16soxp"
  >
    <CardElement
      data-testid="confirm-card-element"
      onChange={[Function]}
      options={
        Object {
          "iconStyle": "solid",
          "style": Object {
            "base": Object {
              "fontFamily": "Khand, sans-serif",
              "fontSize": "18px",
              "fontSmoothing": "antialiased",
              "fontWeight": "bold",
            },
          },
        }
      }
    />
  </div>
  <p
    className="css-165naot"
  >
    Use any future date and CVC with 
    <strong>
      4242 4242 4242 4242
    </strong>
     
    number for testing
  </p>
</div>
`;

exports[`<PaymentConfirmCard/> should render with required props 1`] = `
<div
  className="css-1mi3tt8"
>
  <label
    className="css-8qu6k5"
    htmlFor="StripeElement"
  >
    enter your card details to finish payment
  </label>
  <div
    className="css-16soxp"
  >
    <CardElement
      data-testid="confirm-card-element"
      onChange={[Function]}
      options={
        Object {
          "iconStyle": "solid",
          "style": Object {
            "base": Object {
              "fontFamily": "Khand, sans-serif",
              "fontSize": "18px",
              "fontSmoothing": "antialiased",
              "fontWeight": "bold",
            },
          },
        }
      }
    />
  </div>
  <p
    className="css-165naot"
  >
    Use any future date and CVC with 
    <strong>
      4242 4242 4242 4242
    </strong>
     
    number for testing
  </p>
</div>
`;
