// Jest Snapshot v1, https://goo.gl/fbAQLP

exports[`<Image /> should render without props 1`] = `
Array [
  <div
    className="css-edqtqw"
    label="Loading content"
    src="mock_src"
  >
    <h2
      className="css-1gjlikv"
    >
      Loading...
    </h2>
    <div
      className="css-159m1lu"
    >
      <div
        className="css-1gy22ay"
      >
        Loading...
      </div>
    </div>
  </div>,
  <img
    className="css-4jmajs"
  />,
]
`;
