// Jest Snapshot v1, https://goo.gl/fbAQLP

exports[`<Spinner /> should render without props 1`] = `
<div
  className="css-s31xxr"
>
  <h2
    className="css-1gjlikv"
  >
    Loading...
  </h2>
  <div
    className="css-159m1lu"
  >
    <div
      className="css-1gy22ay"
    >
      Loading...
    </div>
  </div>
</div>
`;
