// Jest Snapshot v1, https://goo.gl/fbAQLP

exports[`<PaymentReview /> should render without props 1`] = `
<div
  className="css-dvxtzn"
>
  <div
    className="css-1ofqig9"
  >
    CartContent
  </div>
  <div
    className="css-1hojse"
  >
    <button
      className="css-1h13z07"
      data-cy="button"
      data-testid="review-button-back"
      href="#0"
      onClick={[Function]}
      onKeyDown={[Function]}
      tabIndex={0}
    >
      BACK TO SHOPPING
    </button>
    <button
      className="css-187kagv"
      data-cy="button"
      data-testid="review-button-form"
      href="#0"
      onClick={[Function]}
      onKeyDown={[Function]}
      tabIndex={0}
    >
      PAYMENT DETAILS
    </button>
  </div>
</div>
`;
