// Jest Snapshot v1, https://goo.gl/fbAQLP

exports[`<PaymentReview /> should render without props 1`] = `
<div
  className="css-1djihfe"
>
  <ul
    className="css-7822g1"
    role="list"
  >
    <li
      className="css-1tp0oa"
      role="listitem"
    >
      <img
        alt="mock_name_0"
        className="css-rhemcv"
      />
      <div
        className="css-zbq0po"
      >
        <strong
          className="css-airqvi"
        >
          mock_name_0
        </strong>
        <em
          className="css-1fji79j"
        >
          mock_color_0 in One Size x1
        </em>
        <p
          className="css-18poma1"
          data-testid="cart-item-description"
        >
          mock_description_0
        </p>
      </div>
      <strong
        className="css-1som8bm"
      >
        1.00
         $
      </strong>
    </li>
  </ul>
  <div
    className="css-1jgiy2l"
  >
    <button
      className="css-1wjk1cz"
      data-testid="review-button-back"
      href="#void"
      onClick={[Function]}
      onKeyDown={[Function]}
      tabIndex="0"
      type="button"
    >
      BACK
    </button>
    <button
      className="css-1ow8n45"
      data-testid="review-button-form"
      href="#void"
      onClick={[Function]}
      onKeyDown={[Function]}
      tabIndex="0"
      type="button"
    >
      PAYMENT DETAILS
    </button>
    <div
      className="css-ufscxh"
    >
      <p
        className="css-dptndp"
      >
        TOTAL
      </p>
      <strong
        className="css-lk14dv"
        data-testid="cart-amount-value"
      >
        1.00
         $
      </strong>
    </div>
  </div>
</div>
`;
